// Jest Snapshot v1, https://goo.gl/fbAQLP

exports[`App component 1`] = `
<div>
  <div
    className="login-container bg-dark text-center text-light"
  >
    <form
      className="form-signin"
      onSubmit={[Function]}
    >
      <h1
        className="h3 mb-3 font-weight-normal"
      >
        Please sign in
      </h1>
      <label
        className="sr-only"
        htmlFor="email"
      >
        Email
        :
      </label>
      <br />
      <input
        className="form-control"
        id="email"
        name="email"
        onChange={[Function]}
        placeholder="Email"
        type="email"
        value=""
      />
      <br />
      <label
        className="sr-only"
        htmlFor="password"
      >
        Password
        :
      </label>
      <br />
      <input
        className="form-control"
        id="password"
        name="password"
        onChange={[Function]}
        placeholder="Password"
        type="password"
        value=""
      />
      <br />
      <br />
      <button
        className="btn btn-lg btn-warning btn-block"
        type="submit"
      >
        Sign in
      </button>
      <p
        className="mt-5"
      >
        <a
          className="link text-warning"
          href="/admin/forgot-password"
          onClick={[Function]}
        >
          Forgot your password?
        </a>
      </p>
      <p
        className="mt-2 mb-3 text-muted"
      >
        Don't have an account? You can request access
         
        <a
          className="text-warning"
          href="http://my-form.my-org"
          target="_blank"
        >
          here
        </a>
        .
      </p>
      <p
        className="mt-5 mb-3 text-muted"
      >
        TrackCOVID
         
        Admin
      </p>
    </form>
  </div>
</div>
`;
